
> lifelink@1.0.0 test
> vitest run tests/unit/donor.controller.test.js


[1m[30m[46m RUN [49m[39m[22m [36mv4.1.5 [39m[90mC:/Users/ziad/Desktop/graduation project/Graduation-Project[39m

[90mstdout[2m | tests/unit/donor.controller.test.js
[22m[39mΓùç injected env (20) from .env // tip: Γîÿ multiple files { path: ['.env.local', '.env'] }

[90mstdout[2m | tests/unit/donor.controller.test.js[2m > [22m[2mDonor Controller[2m > [22m[2mDev 1: Task 1 ΓÇö getDashboard[2m > [22m[2mreturns dashboard with new shape (userInfo, stats, recentActivity)
[22m[39m[2m2026-05-06T20:29:59.363Z[0m [36mDEBUG[0m User pre-save fullName normalization finished {"userId":"69fba4c77de8b9bcd9b07698","durationMs":0.2051}

[90mstdout[2m | tests/unit/donor.controller.test.js[2m > [22m[2mDonor Controller[2m > [22m[2mDev 1: Task 1 ΓÇö getDashboard[2m > [22m[2mreturns dashboard with new shape (userInfo, stats, recentActivity)
[22m[39m[2m2026-05-06T20:29:59.440Z[0m [36mDEBUG[0m User pre-save password hashing finished {"userId":"69fba4c77de8b9bcd9b07698","saltRounds":10,"durationMs":77.0088,"totalHookMs":78.0279}

node.exe : [90mstderr[2m | tests/unit/donor.controller.test.js[2m > 
[22m[2mDonor Controller[2m > [22m[2mDev 1: Task 1 ΓÇö getDashboard[2m > 
[22m[2mreturns dashboard with new shape (userInfo, stats, recentActivity)
At line:1 char:1
+ & "C:\Program Files\nodejs/node.exe" "C:\Users\ziad\AppData\Roaming\n ...
+ ~~~~~~~~~~~~~~~~~~~~~~~~~~~~~~~~~~~~~~~~~~~~~~~~~~~~~~~~~~~~~~~~~~~~~
    + CategoryInfo          : NotSpecified: ([90mstderr[2m...recentActivity) 
   :String) [], RemoteException
    + FullyQualifiedErrorId : NativeCommandError
 
[22m[39mError passed to next: ReferenceError: Appointment is not defined
    at Module.getDashboard (C:/Users/ziad/Desktop/graduation 
project/Graduation-Project/src/controllers/donor.controller.js:437:7)
    at C:/Users/ziad/Desktop/graduation 
project/Graduation-Project/tests/unit/donor.controller.test.js:38:29
[90m    at processTicksAndRejections 
(node:internal/process/task_queues:103:5)[39m
    at [90mfile:///C:/Users/ziad/Desktop/graduation%20project/Graduation-Proje
ct/[39mnode_modules/[4m@vitest/runner[24m/dist/chunk-artifact.js:1903:20

[90mstdout[2m | tests/unit/donor.controller.test.js[2m > [22m[2mDonor Controller[2m > [22m[2mDev 1: Task 1 ΓÇö getDashboard[2m > [22m[2mincludes correct fields in userInfo
[22m[39m[2m2026-05-06T20:29:59.688Z[0m [36mDEBUG[0m User pre-save fullName normalization finished {"userId":"69fba4c77de8b9bcd9b07699","durationMs":0.0474}

[90mstdout[2m | tests/unit/donor.controller.test.js[2m > [22m[2mDonor Controller[2m > [22m[2mDev 1: Task 1 ΓÇö getDashboard[2m > [22m[2mincludes correct fields in userInfo
[22m[39m[2m2026-05-06T20:29:59.755Z[0m [36mDEBUG[0m User pre-save password hashing finished {"userId":"69fba4c77de8b9bcd9b07699","saltRounds":10,"durationMs":66.5756,"totalHookMs":66.8036}

[90mstdout[2m | tests/unit/donor.controller.test.js[2m > [22m[2mDonor Controller[2m > [22m[2mDev 1: Task 1 ΓÇö getDashboard[2m > [22m[2mcomputes donationStatus as eligible when no pending appointments
[22m[39m[2m2026-05-06T20:29:59.806Z[0m [36mDEBUG[0m User pre-save fullName normalization finished {"userId":"69fba4c77de8b9bcd9b0769a","durationMs":0.0425}

[90mstdout[2m | tests/unit/donor.controller.test.js[2m > [22m[2mDonor Controller[2m > [22m[2mDev 1: Task 1 ΓÇö getDashboard[2m > [22m[2mcomputes donationStatus as eligible when no pending appointments
[22m[39m[2m2026-05-06T20:29:59.872Z[0m [36mDEBUG[0m User pre-save password hashing finished {"userId":"69fba4c77de8b9bcd9b0769a","saltRounds":10,"durationMs":66.2438,"totalHookMs":66.3634}

[90mstdout[2m | tests/unit/donor.controller.test.js[2m > [22m[2mDonor Controller[2m > [22m[2mDev 1: Task 1 ΓÇö getDashboard[2m > [22m[2mcomputes donationStatus as pending when appointment exists
[22m[39m[2m2026-05-06T20:29:59.916Z[0m [36mDEBUG[0m User pre-save fullName normalization finished {"userId":"69fba4c77de8b9bcd9b0769b","durationMs":0.0387}

[90mstdout[2m | tests/unit/donor.controller.test.js[2m > [22m[2mDonor Controller[2m > [22m[2mDev 1: Task 1 ΓÇö getDashboard[2m > [22m[2mcomputes donationStatus as pending when appointment exists
[22m[39m[2m2026-05-06T20:29:59.981Z[0m [36mDEBUG[0m User pre-save password hashing finished {"userId":"69fba4c77de8b9bcd9b0769b","saltRounds":10,"durationMs":64.5084,"totalHookMs":64.6331}

[90mstdout[2m | tests/unit/donor.controller.test.js[2m > [22m[2mDonor Controller[2m > [22m[2mDev 1: Task 1 ΓÇö getDashboard[2m > [22m[2mcomputes donationStatus as pending when appointment exists
[22m[39m[2m2026-05-06T20:29:59.996Z[0m [36mDEBUG[0m User pre-save fullName normalization finished {"userId":"69fba4c77de8b9bcd9b0769c","durationMs":0.0832}

[90mstdout[2m | tests/unit/donor.controller.test.js[2m > [22m[2mDonor Controller[2m > [22m[2mDev 1: Task 1 ΓÇö getDashboard[2m > [22m[2mcomputes donationStatus as pending when appointment exists
[22m[39m[2m2026-05-06T20:30:00.063Z[0m [36mDEBUG[0m User pre-save password hashing finished {"userId":"69fba4c77de8b9bcd9b0769c","saltRounds":10,"durationMs":66.6803,"totalHookMs":66.8642}

[90mstdout[2m | tests/unit/donor.controller.test.js[2m > [22m[2mDonor Controller[2m > [22m[2mDev 1: Task 1 ΓÇö getDashboard[2m > [22m[2mincludes stats with totalDonations, points, and livesSaved
[22m[39m[2m2026-05-06T20:30:00.094Z[0m [36mDEBUG[0m User pre-save fullName normalization finished {"userId":"69fba4c87de8b9bcd9b0769e","durationMs":0.0365}

[90mstdout[2m | tests/unit/donor.controller.test.js[2m > [22m[2mDonor Controller[2m > [22m[2mDev 1: Task 1 ΓÇö getDashboard[2m > [22m[2mincludes stats with totalDonations, points, and livesSaved
[22m[39m[2m2026-05-06T20:30:00.156Z[0m [36mDEBUG[0m User pre-save password hashing finished {"userId":"69fba4c87de8b9bcd9b0769e","saltRounds":10,"durationMs":61.6495,"totalHookMs":61.7871}

[90mstdout[2m | tests/unit/donor.controller.test.js[2m > [22m[2mDonor Controller[2m > [22m[2mDev 1: Task 5 ΓÇö getSettings[2m > [22m[2mreturns donor settings with defaults
[22m[39m[2m2026-05-06T20:30:00.171Z[0m [36mDEBUG[0m User pre-save fullName normalization finished {"userId":"69fba4c87de8b9bcd9b0769f","durationMs":0.031}

[90mstdout[2m | tests/unit/donor.controller.test.js[2m > [22m[2mDonor Controller[2m > [22m[2mDev 1: Task 5 ΓÇö getSettings[2m > [22m[2mreturns donor settings with defaults
[22m[39m[2m2026-05-06T20:30:00.238Z[0m [36mDEBUG[0m User pre-save password hashing finished {"userId":"69fba4c87de8b9bcd9b0769f","saltRounds":10,"durationMs":66.2858,"totalHookMs":66.372}

[90mstdout[2m | tests/unit/donor.controller.test.js[2m > [22m[2mDonor Controller[2m > [22m[2mDev 1: Task 5 ΓÇö updateSettings[2m > [22m[2mupdates donor settings
[22m[39m[2m2026-05-06T20:30:00.271Z[0m [36mDEBUG[0m User pre-save fullName normalization finished {"userId":"69fba4c87de8b9bcd9b076a0","durationMs":0.0447}

[90mstdout[2m | tests/unit/donor.controller.test.js[2m > [22m[2mDonor Controller[2m > [22m[2mDev 1: Task 5 ΓÇö updateSettings[2m > [22m[2mupdates donor settings
[22m[39m[2m2026-05-06T20:30:00.333Z[0m [36mDEBUG[0m User pre-save password hashing finished {"userId":"69fba4c87de8b9bcd9b076a0","saltRounds":10,"durationMs":62.2347,"totalHookMs":62.3505}

(node:24188) [MONGOOSE] Warning: mongoose: the `new` option for 
`findOneAndUpdate()` and `findOneAndReplace()` is deprecated. Use 
`returnDocument: 'after'` instead.
(Use `node --trace-warnings ...` to show where the warning was created)
[90mstdout[2m | tests/unit/donor.controller.test.js[2m > [22m[2mDonor Controller[2m > [22m[2mDev 1: Task 5 ΓÇö updateSettings[2m > [22m[2mrejects invalid language
[22m[39m[2m2026-05-06T20:30:00.363Z[0m [36mDEBUG[0m User pre-save fullName normalization finished {"userId":"69fba4c87de8b9bcd9b076a1","durationMs":0.1259}

[90mstdout[2m | tests/unit/donor.controller.test.js[2m > [22m[2mDonor Controller[2m > [22m[2mDev 1: Task 5 ΓÇö updateSettings[2m > [22m[2mrejects invalid language
[22m[39m[2m2026-05-06T20:30:00.425Z[0m [36mDEBUG[0m User pre-save password hashing finished {"userId":"69fba4c87de8b9bcd9b076a1","saltRounds":10,"durationMs":62.3443,"totalHookMs":62.7371}

[90mstdout[2m | tests/unit/donor.controller.test.js[2m > [22m[2mDonor Controller[2m > [22m[2mDev 1: Task 5 ΓÇö updateSettings[2m > [22m[2mpartially updates settings without affecting others
[22m[39m[2m2026-05-06T20:30:00.441Z[0m [36mDEBUG[0m User pre-save fullName normalization finished {"userId":"69fba4c87de8b9bcd9b076a2","durationMs":0.0431}

[90mstdout[2m | tests/unit/donor.controller.test.js[2m > [22m[2mDonor Controller[2m > [22m[2mDev 1: Task 5 ΓÇö updateSettings[2m > [22m[2mpartially updates settings without affecting others
[22m[39m[2m2026-05-06T20:30:00.505Z[0m [36mDEBUG[0m User pre-save password hashing finished {"userId":"69fba4c87de8b9bcd9b076a2","saltRounds":10,"durationMs":63.2933,"totalHookMs":63.4163}

(node:24188) [MONGOOSE] Warning: mongoose: the `new` option for 
`findOneAndUpdate()` and `findOneAndReplace()` is deprecated. Use 
`returnDocument: 'after'` instead.
(node:24188) [MONGOOSE] Warning: mongoose: the `new` option for 
`findOneAndUpdate()` and `findOneAndReplace()` is deprecated. Use 
`returnDocument: 'after'` instead.
[90mstdout[2m | tests/unit/donor.controller.test.js[2m > [22m[2mDonor Controller[2m > [22m[2mDonor Model: Settings Subdocument[2m > [22m[2mcreates donor with default settings
[22m[39m[2m2026-05-06T20:30:00.544Z[0m [36mDEBUG[0m User pre-save fullName normalization finished {"userId":"69fba4c87de8b9bcd9b076a3","durationMs":0.0342}

[90mstdout[2m | tests/unit/donor.controller.test.js[2m > [22m[2mDonor Controller[2m > [22m[2mDonor Model: Settings Subdocument[2m > [22m[2mcreates donor with default settings
[22m[39m[2m2026-05-06T20:30:00.610Z[0m [36mDEBUG[0m User pre-save password hashing finished {"userId":"69fba4c87de8b9bcd9b076a3","saltRounds":10,"durationMs":66.117,"totalHookMs":66.2274}

[90mstdout[2m | tests/unit/donor.controller.test.js[2m > [22m[2mDonor Controller[2m > [22m[2mDonor Model: Settings Subdocument[2m > [22m[2mallows updating individual settings fields
[22m[39m[2m2026-05-06T20:30:00.629Z[0m [36mDEBUG[0m User pre-save fullName normalization finished {"userId":"69fba4c87de8b9bcd9b076a4","durationMs":0.077}

[90mstdout[2m | tests/unit/donor.controller.test.js[2m > [22m[2mDonor Controller[2m > [22m[2mDonor Model: Settings Subdocument[2m > [22m[2mallows updating individual settings fields
[22m[39m[2m2026-05-06T20:30:00.693Z[0m [36mDEBUG[0m User pre-save password hashing finished {"userId":"69fba4c87de8b9bcd9b076a4","saltRounds":10,"durationMs":63.6983,"totalHookMs":63.9529}

(node:24188) [MONGOOSE] Warning: mongoose: the `new` option for 
`findOneAndUpdate()` and `findOneAndReplace()` is deprecated. Use 
`returnDocument: 'after'` instead.
[90mstdout[2m | tests/unit/donor.controller.test.js[2m > [22m[2mDonor Controller[2m > [22m[2mDonor Model: Settings Subdocument[2m > [22m[2mvalidates language enum
[22m[39m[2m2026-05-06T20:30:00.716Z[0m [36mDEBUG[0m User pre-save fullName normalization finished {"userId":"69fba4c87de8b9bcd9b076a5","durationMs":0.0274}

[90mstdout[2m | tests/unit/donor.controller.test.js[2m > [22m[2mDonor Controller[2m > [22m[2mDonor Model: Settings Subdocument[2m > [22m[2mvalidates language enum
[22m[39m[2m2026-05-06T20:30:00.781Z[0m [36mDEBUG[0m User pre-save password hashing finished {"userId":"69fba4c87de8b9bcd9b076a5","saltRounds":10,"durationMs":64.6688,"totalHookMs":64.7562}

 [31mΓ¥»[39m tests/unit/donor.controller.test.js [2m([22m[2m14 tests[22m[2m | [22m[31m5 failed[39m[2m)[22m[33m 2533[2mms[22m[39m
[31m       [31m├ù[31m returns dashboard with new shape (userInfo, stats, recentActivity)[39m[33m 334[2mms[22m[39m
[31m       [31m├ù[31m includes correct fields in userInfo[39m[32m 119[2mms[22m[39m
[31m       [31m├ù[31m computes donationStatus as eligible when no pending appointments[39m[32m 110[2mms[22m[39m
[31m       [31m├ù[31m computes donationStatus as pending when appointment exists[39m[32m 178[2mms[22m[39m
[31m       [31m├ù[31m includes stats with totalDonations, points, and livesSaved[39m[32m 77[2mms[22m[39m
       [32mΓ£ô[39m returns donor settings with defaults[32m 91[2mms[22m[39m
       [32mΓ£ô[39m returns error when donor not found[32m 8[2mms[22m[39m
       [32mΓ£ô[39m updates donor settings[32m 90[2mms[22m[39m
       [32mΓ£ô[39m rejects invalid language[32m 81[2mms[22m[39m
       [32mΓ£ô[39m partially updates settings without affecting others[32m 95[2mms[22m[39m
       [32mΓ£ô[39m returns error when donor not found[32m 8[2mms[22m[39m
       [32mΓ£ô[39m creates donor with default settings[32m 83[2mms[22m[39m
       [32mΓ£ô[39m allows updating individual settings fields[32m 89[2mms[22m[39m
       [32mΓ£ô[39m validates language enum[32m 81[2mms[22m[39m

[31mΓÄ»ΓÄ»ΓÄ»ΓÄ»ΓÄ»ΓÄ»ΓÄ»[39m[1m[41m Failed Tests 5 
[49m[22m[31mΓÄ»ΓÄ»ΓÄ»ΓÄ»ΓÄ»ΓÄ»ΓÄ»[39m

[41m[1m FAIL [22m[49m tests/unit/donor.controller.test.js[2m > [22mDonor 
Controller[2m > [22mDev 1: Task 1 ΓÇö getDashboard[2m > [22mreturns 
dashboard with new shape (userInfo, stats, recentActivity)
[31m[1mAssertionError[22m: expected "vi.fn()" to be called with arguments: 
[ 200 ][90m

Number of calls: [1m0[22m
[31m[39m
[36m [2mΓ¥»[22m tests/unit/donor.controller.test.js:[2m44:26[22m[39m
    [90m 42|[39m       }
    [90m 43|[39m
    [90m 44|[39m       [34mexpect[39m(res[33m.[39mstatus)[33m.[39m[34m
toHaveBeenCalledWith[39m([34m200[39m)[33m;[39m
    [90m   |[39m                          [31m^[39m
    [90m 45|[39m       [34mexpect[39m(res[33m.[39mjson)[33m.[39m[34mto
HaveBeenCalled[39m()[33m;[39m
    [90m 46|[39m       [35mconst[39m jsonArgs [33m=[39m res[33m.[39mjso
n[33m.[39mmock[33m.[39mcalls[[34m0[39m][[34m0[39m][33m;[39m

[31m[2mΓÄ»ΓÄ»ΓÄ»ΓÄ»ΓÄ»ΓÄ»ΓÄ»ΓÄ»ΓÄ»ΓÄ»ΓÄ»ΓÄ»ΓÄ»ΓÄ»ΓÄ»ΓÄ»ΓÄ»ΓÄ»ΓÄ»ΓÄ»ΓÄ»ΓÄ»ΓÄ»Γ
Ä»[1/5]ΓÄ»[22m[39m

[41m[1m FAIL [22m[49m tests/unit/donor.controller.test.js[2m > [22mDonor 
Controller[2m > [22mDev 1: Task 1 ΓÇö getDashboard[2m > [22mincludes 
correct fields in userInfo
[31m[1mAssertionError[22m: expected "vi.fn()" to be called at least 
once[39m
[36m [2mΓ¥»[22m tests/unit/donor.controller.test.js:[2m66:24[22m[39m
    [90m 64|[39m       [35mawait[39m 
donorController[33m.[39m[34mgetDashboard[39m(req[33m,[39m res[33m,[39m 
next)[33m;[39m
    [90m 65|[39m
    [90m 66|[39m       [34mexpect[39m(res[33m.[39mjson)[33m.[39m[34mto
HaveBeenCalled[39m()[33m;[39m
    [90m   |[39m                        [31m^[39m
    [90m 67|[39m       [35mconst[39m jsonArgs [33m=[39m res[33m.[39mjso
n[33m.[39mmock[33m.[39mcalls[[34m0[39m][[34m0[39m][33m;[39m
    [90m 68|[39m       [34mexpect[39m(jsonArgs[33m.[39mdata[33m.[39muse
rInfo)[33m.[39m[34mtoHaveProperty[39m([32m'fullName'[39m)[33m;[39m

[31m[2mΓÄ»ΓÄ»ΓÄ»ΓÄ»ΓÄ»ΓÄ»ΓÄ»ΓÄ»ΓÄ»ΓÄ»ΓÄ»ΓÄ»ΓÄ»ΓÄ»ΓÄ»ΓÄ»ΓÄ»ΓÄ»ΓÄ»ΓÄ»ΓÄ»ΓÄ»ΓÄ»Γ
Ä»[2/5]ΓÄ»[22m[39m

[41m[1m FAIL [22m[49m tests/unit/donor.controller.test.js[2m > [22mDonor 
Controller[2m > [22mDev 1: Task 1 ΓÇö getDashboard[2m > [22mcomputes 
donationStatus as eligible when no pending appointments
[31m[1mAssertionError[22m: expected "vi.fn()" to be called at least 
once[39m
[36m [2mΓ¥»[22m tests/unit/donor.controller.test.js:[2m88:24[22m[39m
    [90m 86|[39m       [35mawait[39m 
donorController[33m.[39m[34mgetDashboard[39m(req[33m,[39m res[33m,[39m 
next)[33m;[39m
    [90m 87|[39m
    [90m 88|[39m       [34mexpect[39m(res[33m.[39mjson)[33m.[39m[34mto
HaveBeenCalled[39m()[33m;[39m
    [90m   |[39m                        [31m^[39m
    [90m 89|[39m       [35mconst[39m jsonArgs [33m=[39m res[33m.[39mjso
n[33m.[39mmock[33m.[39mcalls[[34m0[39m][[34m0[39m][33m;[39m
    [90m 90|[39m       [34mexpect[39m(jsonArgs[33m.[39mdata[33m.[39muse
rInfo[33m.[39mdonationStatus)[33m.[39m[34mtoBe[39m([32m'eligible'[39m)
[33m;[39m

[31m[2mΓÄ»ΓÄ»ΓÄ»ΓÄ»ΓÄ»ΓÄ»ΓÄ»ΓÄ»ΓÄ»ΓÄ»ΓÄ»ΓÄ»ΓÄ»ΓÄ»ΓÄ»ΓÄ»ΓÄ»ΓÄ»ΓÄ»ΓÄ»ΓÄ»ΓÄ»ΓÄ»Γ
Ä»[3/5]ΓÄ»[22m[39m

[41m[1m FAIL [22m[49m tests/unit/donor.controller.test.js[2m > [22mDonor 
Controller[2m > [22mDev 1: Task 1 ΓÇö getDashboard[2m > [22mcomputes 
donationStatus as pending when appointment exists
[31m[1mAssertionError[22m: expected "vi.fn()" to be called at least 
once[39m
[36m [2mΓ¥»[22m tests/unit/donor.controller.test.js:[2m115:24[22m[39m
    [90m113|[39m       [35mawait[39m 
donorController[33m.[39m[34mgetDashboard[39m(req[33m,[39m res[33m,[39m 
next)[33m;[39m
    [90m114|[39m
    [90m115|[39m       [34mexpect[39m(res[33m.[39mjson)[33m.[39m[34mto
HaveBeenCalled[39m()[33m;[39m
    [90m   |[39m                        [31m^[39m
    [90m116|[39m       [35mconst[39m jsonArgs [33m=[39m res[33m.[39mjso
n[33m.[39mmock[33m.[39mcalls[[34m0[39m][[34m0[39m][33m;[39m
    [90m117|[39m       [34mexpect[39m(jsonArgs[33m.[39mdata[33m.[39muse
rInfo[33m.[39mdonationStatus)[33m.[39m[34mtoBe[39m([32m'pending'[39m)[
33m;[39m

[31m[2mΓÄ»ΓÄ»ΓÄ»ΓÄ»ΓÄ»ΓÄ»ΓÄ»ΓÄ»ΓÄ»ΓÄ»ΓÄ»ΓÄ»ΓÄ»ΓÄ»ΓÄ»ΓÄ»ΓÄ»ΓÄ»ΓÄ»ΓÄ»ΓÄ»ΓÄ»ΓÄ»Γ
Ä»[4/5]ΓÄ»[22m[39m

[41m[1m FAIL [22m[49m tests/unit/donor.controller.test.js[2m > [22mDonor 
Controller[2m > [22mDev 1: Task 1 ΓÇö getDashboard[2m > [22mincludes stats 
with totalDonations, points, and livesSaved
[31m[1mAssertionError[22m: expected "vi.fn()" to be called at least 
once[39m
[36m [2mΓ¥»[22m tests/unit/donor.controller.test.js:[2m133:24[22m[39m
    [90m131|[39m       [35mawait[39m 
donorController[33m.[39m[34mgetDashboard[39m(req[33m,[39m res[33m,[39m 
next)[33m;[39m
    [90m132|[39m
    [90m133|[39m       [34mexpect[39m(res[33m.[39mjson)[33m.[39m[34mto
HaveBeenCalled[39m()[33m;[39m
    [90m   |[39m                        [31m^[39m
    [90m134|[39m       [35mconst[39m jsonArgs [33m=[39m res[33m.[39mjso
n[33m.[39mmock[33m.[39mcalls[[34m0[39m][[34m0[39m][33m;[39m
    [90m135|[39m       [34mexpect[39m(jsonArgs[33m.[39mdata[33m.[39msta
ts)[33m.[39m[34mtoHaveProperty[39m([32m'totalDonations'[39m)[33m;[39m

[31m[2mΓÄ»ΓÄ»ΓÄ»ΓÄ»ΓÄ»ΓÄ»ΓÄ»ΓÄ»ΓÄ»ΓÄ»ΓÄ»ΓÄ»ΓÄ»ΓÄ»ΓÄ»ΓÄ»ΓÄ»ΓÄ»ΓÄ»ΓÄ»ΓÄ»ΓÄ»ΓÄ»Γ
Ä»[5/5]ΓÄ»[22m[39m


[2m Test Files [22m [1m[31m1 failed[39m[22m[90m (1)[39m
[2m      Tests [22m [1m[31m5 failed[39m[22m[2m | [22m[1m[32m9 passed[39m[22m[90m (14)[39m
[2m   Start at [22m 23:29:57
[2m   Duration [22m 3.44s[2m (transform 179ms, setup 497ms, import 229ms, tests 2.53s, environment 0ms)[22m

